// Jest Snapshot v1, https://goo.gl/fbAQLP

exports[`should render AboutPage correctly 1`] = `
<div>
  <h1>
    เกี่ยวกับ
  </h1>
</div>
`;
