// Jest Snapshot v1, https://goo.gl/fbAQLP

exports[`should render LyricsListItem correctly 1`] = `
<div>
  <p>
    dfg
  </p>
</div>
`;
