// Jest Snapshot v1, https://goo.gl/fbAQLP

exports[`should render PlaylistDashboardPage correctly 1`] = `
<div>
  <Link
    replace={false}
    to="/create"
  >
    สร้างรายการสวดมนต์
  </Link>
  <Connect(PlaylistList) />
</div>
`;
