// Jest Snapshot v1, https://goo.gl/fbAQLP

exports[`should render PlaylistListItem with a playlist 1`] = `
<div>
  <Link
    replace={false}
    to="/playlist/1"
  >
    <h3>
      Playlist name one
    </h3>
  </Link>
</div>
`;
