// Jest Snapshot v1, https://goo.gl/fbAQLP

exports[`should render PrefacePage correctly 1`] = `
<div>
  <h1>
    คำนำ
  </h1>
</div>
`;
