// Jest Snapshot v1, https://goo.gl/fbAQLP

exports[`should render TransPrayerListItem with a playlist 1`] = `
<div>
  <h3
    className="list-item__title"
  >
    อริยธนคาถา
  </h3>
  <span
    className="list-item__sub-title"
  >
    บทสวดมนต์ภาคเย็น
  </span>
</div>
`;
